     1                                  SECTION .data 
     2 00000000 456E746572206D6173-     	msgStart: DB 'Enter massage: ', 5
     2 00000009 736167653A2005     
     3                                    	startLen: EQU $-msgStart
     4 00000010 596F7572206D657373-       	msgEnd: DB 'Your messaage is: '
     4 00000019 616167652069733A20 
     5                                    	endLen: EQU $-msgEnd
     6                                  SECTION .bss     		; Секция не инициированных данных
     7 00000000 <res 00000050>           	 buf1: RESB 80   	; Буфер размером 80 байт
     8                                  SECTION .text     		; Код программы
     9                                  GLOBAL _start     		; Начало программы
    10                                  
    11                                  _start:
    12 00000000 B804000000                	mov eax,  4   		; Просим пользователя ввести сообщение
    13 00000005 BB01000000                	mov ebx, 1
    14 0000000A B9[00000000]              	mov ecx, msgStart
    15 0000000F BA10000000                	mov edx, startLen
    16 00000014 CD80                      	int 80h
    17                                  
    18 00000016 B803000000                	mov eax, 3   		; Системный вызов для чтения (sys_read)
    19 0000001B BB00000000                	mov ebx, 0   		; Дескриптор файла
    20                                           			; 0 - стандартный ввод
    21 00000020 B9[00000000]               	mov ecx, buf1  	 	; Адрес буфера под вводимую строку
    22 00000025 BA50000000                	mov edx, 80   		; Длина вводимой строки
    23 0000002A CD80                      	int 80h   		; Вызов ядра
    24                                    
    25 0000002C B804000000                	mov eax, 4  		; Выводим сообщение пользователя
    26 00000031 BB01000000                	mov ebx, 1
    27 00000036 B9[10000000]              	mov ecx, msgEnd  
    28 0000003B BA12000000                	mov edx, endLen
    29 00000040 CD80                      	int 80h
    30                                  
    31 00000042 B804000000               	mov eax, 4
    32 00000047 BB01000000               	mov ebx, 1
    33 0000004C B9[00000000]             	mov ecx, buf1
    34 00000051 BA50000000                	mov edx, 80
    35 00000056 CD80                      	int 80h
    36                                  
    37 00000058 B801000000                	mov eax,1   		; Системный вызов для выхода (sys_exit)
    38 0000005D BB00000000                	mov ebx,0   		; Выход с кодом возврата 0 (без ошибок)
    39 00000062 CD80                      	int 80h   		; Вызов ядра
